[transformers] PyTorch was not found. Models won't be available and only tokenizers, configuration and file/data utilities can be used.
{"corpus": "cache", "method": "base", "n": 1, "total": 200, "seconds": 8.50699496269226, "update_status": null}
{"corpus": "cache", "method": "base", "n": 2, "total": 200, "seconds": 3.607903003692627, "update_status": null}
{"corpus": "cache", "method": "base", "n": 3, "total": 200, "seconds": 3.848416805267334, "update_status": null}
{"corpus": "cache", "method": "base", "n": 4, "total": 200, "seconds": 3.666710138320923, "update_status": null}
{"corpus": "cache", "method": "base", "n": 5, "total": 200, "seconds": 4.100846767425537, "update_status": null}
{"corpus": "cache", "method": "base", "n": 6, "total": 200, "seconds": 4.283328056335449, "update_status": null}
{"corpus": "cache", "method": "base", "n": 7, "total": 200, "seconds": 4.393606901168823, "update_status": null}
{"corpus": "cache", "method": "base", "n": 8, "total": 200, "seconds": 4.972458124160767, "update_status": null}
{"corpus": "cache", "method": "base", "n": 9, "total": 200, "seconds": 4.094912052154541, "update_status": null}
{"corpus": "cache", "method": "base", "n": 10, "total": 200, "seconds": 4.015362024307251, "update_status": null}
{"corpus": "cache", "method": "base", "n": 11, "total": 200, "seconds": 3.918893814086914, "update_status": null}
{"corpus": "cache", "method": "base", "n": 12, "total": 200, "seconds": 4.984957933425903, "update_status": null}
{"corpus": "cache", "method": "base", "n": 13, "total": 200, "seconds": 2.685992956161499, "update_status": null}
{"corpus": "cache", "method": "base", "n": 14, "total": 200, "seconds": 3.7741150856018066, "update_status": null}
{"corpus": "cache", "method": "base", "n": 15, "total": 200, "seconds": 3.22385573387146, "update_status": null}
{"corpus": "cache", "method": "base", "n": 16, "total": 200, "seconds": 4.17788290977478, "update_status": null}
{"corpus": "cache", "method": "base", "n": 17, "total": 200, "seconds": 3.288580894470215, "update_status": null}
{"corpus": "cache", "method": "base", "n": 18, "total": 200, "seconds": 5.249867916107178, "update_status": null}
{"corpus": "cache", "method": "base", "n": 19, "total": 200, "seconds": 3.7468631267547607, "update_status": null}
{"corpus": "cache", "method": "base", "n": 20, "total": 200, "seconds": 0.0013039112091064453, "update_status": null}
{"corpus": "cache", "method": "base", "n": 21, "total": 200, "seconds": 4.924583196640015, "update_status": null}
{"corpus": "cache", "method": "base", "n": 22, "total": 200, "seconds": 4.572828769683838, "update_status": null}
{"corpus": "cache", "method": "base", "n": 23, "total": 200, "seconds": 3.7289931774139404, "update_status": null}
{"corpus": "cache", "method": "base", "n": 24, "total": 200, "seconds": 3.8365440368652344, "update_status": null}
{"corpus": "cache", "method": "base", "n": 25, "total": 200, "seconds": 3.7805261611938477, "update_status": null}
{"corpus": "cache", "method": "base", "n": 26, "total": 200, "seconds": 3.163242816925049, "update_status": null}
{"corpus": "cache", "method": "base", "n": 27, "total": 200, "seconds": 4.552551031112671, "update_status": null}
{"corpus": "cache", "method": "base", "n": 28, "total": 200, "seconds": 4.824855089187622, "update_status": null}
Traceback (most recent call last):
  File "/Users/tom/Documents/GitHub/ACL2027/ACL 2027/experiments/gt_free_corpora/run.py", line 222, in <module>
    if __name__=='__main__':main()
                            ~~~~^^
  File "/Users/tom/Documents/GitHub/ACL2027/ACL 2027/experiments/gt_free_corpora/run.py", line 217, in main
    for c in TOPICS:run_method(c,m);audit(c,m)
                    ~~~~~~~~~~^^^^^
  File "/Users/tom/Documents/GitHub/ACL2027/ACL 2027/experiments/gt_free_corpora/run.py", line 186, in run_method
    else:response,value=generate(native,q,EMPTY if m=='base' else s['memory'])
                        ~~~~~~~~^^^^^^^^^^^^^^^^^^^^^^^^^^^^^^^^^^^^^^^^^^^^^^
  File "/Users/tom/Documents/GitHub/ACL2027/ACL 2027/experiments/gt_free_corpora/run.py", line 130, in generate
    response=native.chat([dict(role='user',content=GEN.format(playbook,'(empty)',q,''))],max_tokens=1024,role='generator',output_format=GEN_SCHEMA)
  File "/Users/tom/Documents/GitHub/ACL2027/ACL 2027/experiments/gt_free_corpora/run.py", line 124, in chat
    response=super().chat(messages,**kw)
  File "/Users/tom/Documents/GitHub/ACL2027/ACL 2027/experiments/dreaddit_icl/comparison.py", line 68, in chat
    with urllib.request.urlopen(request, timeout=1800) as response:
         ~~~~~~~~~~~~~~~~~~~~~~^^^^^^^^^^^^^^^^^^^^^^^
  File "/Library/Frameworks/Python.framework/Versions/3.13/lib/python3.13/urllib/request.py", line 189, in urlopen
    return opener.open(url, data, timeout)
           ~~~~~~~~~~~^^^^^^^^^^^^^^^^^^^^
  File "/Library/Frameworks/Python.framework/Versions/3.13/lib/python3.13/urllib/request.py", line 489, in open
    response = self._open(req, data)
  File "/Library/Frameworks/Python.framework/Versions/3.13/lib/python3.13/urllib/request.py", line 506, in _open
    result = self._call_chain(self.handle_open, protocol, protocol +
                              '_open', req)
  File "/Library/Frameworks/Python.framework/Versions/3.13/lib/python3.13/urllib/request.py", line 466, in _call_chain
    result = func(*args)
  File "/Library/Frameworks/Python.framework/Versions/3.13/lib/python3.13/urllib/request.py", line 1348, in http_open
    return self.do_open(http.client.HTTPConnection, req)
           ~~~~~~~~~~~~^^^^^^^^^^^^^^^^^^^^^^^^^^^^^^^^^
  File "/Library/Frameworks/Python.framework/Versions/3.13/lib/python3.13/urllib/request.py", line 1323, in do_open
    r = h.getresponse()
  File "/Library/Frameworks/Python.framework/Versions/3.13/lib/python3.13/http/client.py", line 1430, in getresponse
    response.begin()
    ~~~~~~~~~~~~~~^^
  File "/Library/Frameworks/Python.framework/Versions/3.13/lib/python3.13/http/client.py", line 331, in begin
    version, status, reason = self._read_status()
                              ~~~~~~~~~~~~~~~~~^^
  File "/Library/Frameworks/Python.framework/Versions/3.13/lib/python3.13/http/client.py", line 292, in _read_status
    line = str(self.fp.readline(_MAXLINE + 1), "iso-8859-1")
               ~~~~~~~~~~~~~~~~^^^^^^^^^^^^^^
  File "/Library/Frameworks/Python.framework/Versions/3.13/lib/python3.13/socket.py", line 719, in readinto
    return self._sock.recv_into(b)
           ~~~~~~~~~~~~~~~~~~~~^^^
KeyboardInterrupt
