[transformers] PyTorch was not found. Models won't be available and only tokenizers, configuration and file/data utilities can be used.
{"corpus": "cache", "stage": "adapt_annotation", "n": 1, "total": 100, "seconds": 3.9336349964141846}
{"corpus": "cache", "stage": "adapt_annotation", "n": 2, "total": 100, "seconds": 2.8272130489349365}
{"corpus": "cache", "stage": "adapt_annotation", "n": 3, "total": 100, "seconds": 3.5062508583068848}
{"corpus": "cache", "stage": "adapt_annotation", "n": 4, "total": 100, "seconds": 3.633899211883545}
{"corpus": "cache", "stage": "adapt_annotation", "n": 5, "total": 100, "seconds": 3.1745779514312744}
{"corpus": "cache", "stage": "adapt_annotation", "n": 6, "total": 100, "seconds": 3.2370829582214355}
{"corpus": "cache", "stage": "adapt_annotation", "n": 7, "total": 100, "seconds": 2.904268980026245}
{"corpus": "cache", "stage": "adapt_annotation", "n": 8, "total": 100, "seconds": 2.7452609539031982}
{"corpus": "cache", "stage": "adapt_annotation", "n": 9, "total": 100, "seconds": 2.257258176803589}
{"corpus": "cache", "stage": "adapt_annotation", "n": 10, "total": 100, "seconds": 4.456918001174927}
Traceback (most recent call last):
  File "/Users/tom/Documents/GitHub/ACL2027/ACL 2027/experiments/paired_feedback/run.py", line 215, in <module>
    if __name__=='__main__':main()
                            ~~~~^^
  File "/Users/tom/Documents/GitHub/ACL2027/ACL 2027/experiments/paired_feedback/run.py", line 208, in main
    g.checkpoint(None,None,'freezing',0,600);freeze();render();prepare_references()
                                                               ~~~~~~~~~~~~~~~~~~^^
  File "/Users/tom/Documents/GitHub/ACL2027/ACL 2027/experiments/paired_feedback/run.py", line 73, in prepare_references
    value=json.loads(native.chat(messages,max_tokens=1024,role='reference_annotation',output_format=annotation_schema(c)))
                     ~~~~~~~~~~~^^^^^^^^^^^^^^^^^^^^^^^^^^^^^^^^^^^^^^^^^^^^^^^^^^^^^^^^^^^^^^^^^^^^^^^^^^^^^^^^^^^^^^^^^
  File "/Users/tom/Documents/GitHub/ACL2027/ACL 2027/experiments/paired_feedback/run.py", line 53, in chat
    return super().chat(messages,**kw)
           ~~~~~~~~~~~~^^^^^^^^^^^^^^^
  File "/Users/tom/Documents/GitHub/ACL2027/ACL 2027/experiments/gt_free_corpora/run.py", line 124, in chat
    response=super().chat(messages,**kw)
  File "/Users/tom/Documents/GitHub/ACL2027/ACL 2027/experiments/dreaddit_icl/comparison.py", line 68, in chat
    with urllib.request.urlopen(request, timeout=1800) as response:
         ~~~~~~~~~~~~~~~~~~~~~~^^^^^^^^^^^^^^^^^^^^^^^
  File "/Library/Frameworks/Python.framework/Versions/3.13/lib/python3.13/urllib/request.py", line 189, in urlopen
    return opener.open(url, data, timeout)
           ~~~~~~~~~~~^^^^^^^^^^^^^^^^^^^^
  File "/Library/Frameworks/Python.framework/Versions/3.13/lib/python3.13/urllib/request.py", line 489, in open
    response = self._open(req, data)
  File "/Library/Frameworks/Python.framework/Versions/3.13/lib/python3.13/urllib/request.py", line 506, in _open
    result = self._call_chain(self.handle_open, protocol, protocol +
                              '_open', req)
  File "/Library/Frameworks/Python.framework/Versions/3.13/lib/python3.13/urllib/request.py", line 466, in _call_chain
    result = func(*args)
  File "/Library/Frameworks/Python.framework/Versions/3.13/lib/python3.13/urllib/request.py", line 1348, in http_open
    return self.do_open(http.client.HTTPConnection, req)
           ~~~~~~~~~~~~^^^^^^^^^^^^^^^^^^^^^^^^^^^^^^^^^
  File "/Library/Frameworks/Python.framework/Versions/3.13/lib/python3.13/urllib/request.py", line 1323, in do_open
    r = h.getresponse()
  File "/Library/Frameworks/Python.framework/Versions/3.13/lib/python3.13/http/client.py", line 1430, in getresponse
    response.begin()
    ~~~~~~~~~~~~~~^^
  File "/Library/Frameworks/Python.framework/Versions/3.13/lib/python3.13/http/client.py", line 331, in begin
    version, status, reason = self._read_status()
                              ~~~~~~~~~~~~~~~~~^^
  File "/Library/Frameworks/Python.framework/Versions/3.13/lib/python3.13/http/client.py", line 292, in _read_status
    line = str(self.fp.readline(_MAXLINE + 1), "iso-8859-1")
               ~~~~~~~~~~~~~~~~^^^^^^^^^^^^^^
  File "/Library/Frameworks/Python.framework/Versions/3.13/lib/python3.13/socket.py", line 719, in readinto
    return self._sock.recv_into(b)
           ~~~~~~~~~~~~~~~~~~~~^^^
KeyboardInterrupt
