Traceback (most recent call last):
  File "/Users/tom/Documents/GitHub/ACL2027/ACL 2027/experiments/dreaddit_icl/comparison.py", line 214, in <module>
    main()
    ~~~~^^
  File "/Users/tom/Documents/GitHub/ACL2027/ACL 2027/experiments/dreaddit_icl/comparison.py", line 148, in main
    native=Native(directory)
  File "/Users/tom/Documents/GitHub/ACL2027/ACL 2027/experiments/dreaddit_icl/comparison.py", line 50, in __init__
    from transformers import AutoTokenizer
ModuleNotFoundError: No module named 'transformers'
Traceback (most recent call last):
  File "/Users/tom/Documents/GitHub/ACL2027/ACL 2027/experiments/dreaddit_icl/comparison.py", line 214, in <module>
    main()
    ~~~~^^
  File "/Users/tom/Documents/GitHub/ACL2027/ACL 2027/experiments/dreaddit_icl/comparison.py", line 148, in main
    native=Native(directory)
  File "/Users/tom/Documents/GitHub/ACL2027/ACL 2027/experiments/dreaddit_icl/comparison.py", line 50, in __init__
    from transformers import AutoTokenizer
ModuleNotFoundError: No module named 'transformers'
[transformers] PyTorch was not found. Models won't be available and only tokenizers, configuration and file/data utilities can be used.
{"method": "base", "n": 1, "seconds": 5.595998764038086, "valid": true}
{"method": "base", "n": 2, "seconds": 1.5802888870239258, "valid": true}
{"method": "base", "n": 3, "seconds": 1.763631820678711, "valid": true}
{"method": "base", "n": 4, "seconds": 2.2307779788970947, "valid": true}
{"method": "base", "n": 5, "seconds": 1.356518030166626, "valid": true}
{"method": "base", "n": 6, "seconds": 1.3650250434875488, "valid": true}
{"method": "base", "n": 7, "seconds": 1.340723991394043, "valid": true}
{"method": "base", "n": 8, "seconds": 1.685894250869751, "valid": true}
{"method": "base", "n": 9, "seconds": 1.668600082397461, "valid": true}
{"method": "base", "n": 10, "seconds": 1.6743321418762207, "valid": true}
{"method": "base", "n": 11, "seconds": 1.9818518161773682, "valid": true}
{"method": "base", "n": 12, "seconds": 1.7149028778076172, "valid": true}
{"method": "base", "n": 13, "seconds": 1.9601612091064453, "valid": true}
{"method": "base", "n": 14, "seconds": 2.2747042179107666, "valid": true}
{"method": "base", "n": 15, "seconds": 1.6341822147369385, "valid": true}
{"method": "base", "n": 16, "seconds": 1.5728859901428223, "valid": true}
{"method": "base", "n": 17, "seconds": 1.5034141540527344, "valid": true}
{"method": "base", "n": 18, "seconds": 2.466102123260498, "valid": true}
{"method": "base", "n": 19, "seconds": 1.5611369609832764, "valid": true}
{"method": "base", "n": 20, "seconds": 1.2755780220031738, "valid": true}
{"method": "base", "n": 21, "seconds": 1.8685190677642822, "valid": true}
{"method": "base", "n": 22, "seconds": 1.6590960025787354, "valid": true}
{"method": "base", "n": 23, "seconds": 1.9475691318511963, "valid": true}
{"method": "base", "n": 24, "seconds": 1.622925043106079, "valid": true}
{"method": "base", "n": 25, "seconds": 2.1484973430633545, "valid": true}
{"method": "base", "n": 26, "seconds": 1.9550449848175049, "valid": true}
{"method": "base", "n": 27, "seconds": 2.8237080574035645, "valid": true}
{"method": "base", "n": 28, "seconds": 2.041748285293579, "valid": true}
{"method": "base", "n": 29, "seconds": 2.0183749198913574, "valid": true}
{"method": "base", "n": 30, "seconds": 2.017584800720215, "valid": true}
{"method": "base", "n": 31, "seconds": 1.5987401008605957, "valid": true}
{"method": "base", "n": 32, "seconds": 2.683030843734741, "valid": true}
{"method": "base", "n": 33, "seconds": 2.031496047973633, "valid": true}
{"method": "base", "n": 34, "seconds": 1.8868539333343506, "valid": true}
{"method": "base", "n": 35, "seconds": 1.690134048461914, "valid": true}
{"method": "base", "n": 36, "seconds": 2.005303144454956, "valid": true}
{"method": "base", "n": 37, "seconds": 2.0061848163604736, "valid": true}
{"method": "base", "n": 38, "seconds": 1.5562310218811035, "valid": true}
{"method": "base", "n": 39, "seconds": 1.6732938289642334, "valid": true}
{"method": "base", "n": 40, "seconds": 2.0389060974121094, "valid": true}
{"method": "base", "n": 41, "seconds": 1.9364221096038818, "valid": true}
{"method": "base", "n": 42, "seconds": 1.922201156616211, "valid": true}
{"method": "base", "n": 43, "seconds": 2.15071177482605, "valid": true}
{"method": "base", "n": 44, "seconds": 1.8328828811645508, "valid": true}
{"method": "base", "n": 45, "seconds": 2.232365846633911, "valid": true}
{"method": "base", "n": 46, "seconds": 2.43611741065979, "valid": true}
{"method": "base", "n": 47, "seconds": 1.5527071952819824, "valid": true}
{"method": "base", "n": 48, "seconds": 2.3953921794891357, "valid": true}
{"method": "base", "n": 49, "seconds": 1.7244551181793213, "valid": true}
{"method": "base", "n": 50, "seconds": 2.6617650985717773, "valid": true}
{"method": "base", "n": 51, "seconds": 2.5488338470458984, "valid": true}
{"method": "base", "n": 52, "seconds": 1.9137699604034424, "valid": true}
{"method": "base", "n": 53, "seconds": 2.806710720062256, "valid": true}
{"method": "base", "n": 54, "seconds": 2.044326066970825, "valid": true}
{"method": "base", "n": 55, "seconds": 2.0497450828552246, "valid": true}
{"method": "base", "n": 56, "seconds": 1.5304248332977295, "valid": true}
{"method": "base", "n": 57, "seconds": 2.231971025466919, "valid": true}
{"method": "base", "n": 58, "seconds": 1.7793121337890625, "valid": true}
{"method": "base", "n": 59, "seconds": 2.607434034347534, "valid": true}
{"method": "base", "n": 60, "seconds": 2.043653964996338, "valid": true}
{"method": "base", "n": 61, "seconds": 1.5760319232940674, "valid": true}
{"method": "base", "n": 62, "seconds": 1.6838500499725342, "valid": true}
{"method": "base", "n": 63, "seconds": 1.857529878616333, "valid": true}
{"method": "base", "n": 64, "seconds": 2.3187997341156006, "valid": true}
{"method": "base", "n": 65, "seconds": 2.160609006881714, "valid": true}
{"method": "base", "n": 66, "seconds": 2.6015877723693848, "valid": true}
{"method": "base", "n": 67, "seconds": 2.0867090225219727, "valid": true}
{"method": "base", "n": 68, "seconds": 1.8772327899932861, "valid": true}
{"method": "base", "n": 69, "seconds": 2.146806001663208, "valid": true}
{"method": "base", "n": 70, "seconds": 1.6731598377227783, "valid": true}
{"method": "base", "n": 71, "seconds": 2.11956787109375, "valid": true}
{"method": "base", "n": 72, "seconds": 2.0497050285339355, "valid": true}
{"method": "base", "n": 73, "seconds": 2.1847569942474365, "valid": true}
{"method": "base", "n": 74, "seconds": 1.392881155014038, "valid": true}
{"method": "base", "n": 75, "seconds": 1.6601181030273438, "valid": true}
{"method": "base", "n": 76, "seconds": 1.601283073425293, "valid": true}
{"method": "base", "n": 77, "seconds": 2.4726779460906982, "valid": true}
{"method": "base", "n": 78, "seconds": 1.662355899810791, "valid": true}
{"method": "base", "n": 79, "seconds": 1.4356663227081299, "valid": true}
{"method": "base", "n": 80, "seconds": 2.0885770320892334, "valid": true}
{"method": "base", "n": 81, "seconds": 1.7524440288543701, "valid": true}
{"method": "base", "n": 82, "seconds": 2.178550958633423, "valid": true}
{"method": "base", "n": 83, "seconds": 2.2629849910736084, "valid": true}
{"method": "base", "n": 84, "seconds": 2.425121784210205, "valid": true}
{"method": "base", "n": 85, "seconds": 2.898287773132324, "valid": true}
{"method": "base", "n": 86, "seconds": 2.2910518646240234, "valid": true}
{"method": "base", "n": 87, "seconds": 2.0191900730133057, "valid": true}
{"method": "base", "n": 88, "seconds": 1.7628726959228516, "valid": true}
{"method": "base", "n": 89, "seconds": 2.1331377029418945, "valid": true}
{"method": "base", "n": 90, "seconds": 2.462048053741455, "valid": true}
{"method": "base", "n": 91, "seconds": 2.559338092803955, "valid": true}
{"method": "base", "n": 92, "seconds": 2.098710775375366, "valid": true}
{"method": "base", "n": 93, "seconds": 2.140540838241577, "valid": true}
{"method": "base", "n": 94, "seconds": 3.04353404045105, "valid": true}
{"method": "base", "n": 95, "seconds": 2.047516107559204, "valid": true}
{"method": "base", "n": 96, "seconds": 2.4262900352478027, "valid": true}
{"method": "base", "n": 97, "seconds": 2.703705310821533, "valid": true}
{"method": "base", "n": 98, "seconds": 2.237516164779663, "valid": true}
{"method": "base", "n": 99, "seconds": 3.1875340938568115, "valid": true}
{"method": "base", "n": 100, "seconds": 2.3732378482818604, "valid": true}
{"method": "base", "n": 101, "seconds": 2.6991701126098633, "valid": true}
{"method": "base", "n": 102, "seconds": 3.1618659496307373, "valid": true}
{"method": "base", "n": 103, "seconds": 2.1246399879455566, "valid": true}
{"method": "base", "n": 104, "seconds": 1.9262418746948242, "valid": true}
{"method": "base", "n": 105, "seconds": 2.2779409885406494, "valid": true}
{"method": "base", "n": 106, "seconds": 2.3613240718841553, "valid": true}
{"method": "base", "n": 107, "seconds": 2.053860664367676, "valid": true}
{"method": "base", "n": 108, "seconds": 2.2536509037017822, "valid": true}
{"method": "base", "n": 109, "seconds": 2.32132887840271, "valid": true}
{"method": "base", "n": 110, "seconds": 2.4650208950042725, "valid": true}
{"method": "base", "n": 111, "seconds": 2.7409257888793945, "valid": true}
{"method": "base", "n": 112, "seconds": 1.614542007446289, "valid": true}
{"method": "base", "n": 113, "seconds": 1.6719486713409424, "valid": true}
{"method": "base", "n": 114, "seconds": 3.0024890899658203, "valid": true}
{"method": "base", "n": 115, "seconds": 2.884735107421875, "valid": true}
{"method": "base", "n": 116, "seconds": 2.310141086578369, "valid": true}
{"method": "base", "n": 117, "seconds": 2.2568600177764893, "valid": true}
{"method": "base", "n": 118, "seconds": 2.157539129257202, "valid": true}
{"method": "base", "n": 119, "seconds": 3.4404752254486084, "valid": true}
{"method": "base", "n": 120, "seconds": 3.429177761077881, "valid": true}
{"method": "base", "n": 121, "seconds": 2.199876070022583, "valid": true}
{"method": "base", "n": 122, "seconds": 2.0733649730682373, "valid": true}
{"method": "base", "n": 123, "seconds": 2.7945139408111572, "valid": true}
{"method": "base", "n": 124, "seconds": 2.832854986190796, "valid": true}
{"method": "base", "n": 125, "seconds": 2.133579969406128, "valid": true}
{"method": "base", "n": 126, "seconds": 2.354520082473755, "valid": true}
{"method": "base", "n": 127, "seconds": 1.7611777782440186, "valid": true}
{"method": "base", "n": 128, "seconds": 1.588104009628296, "valid": true}
{"method": "base", "n": 129, "seconds": 2.248708963394165, "valid": true}
{"method": "base", "n": 130, "seconds": 1.8766860961914062, "valid": true}
{"method": "base", "n": 131, "seconds": 2.5956342220306396, "valid": true}
{"method": "base", "n": 132, "seconds": 2.228356122970581, "valid": true}
{"method": "base", "n": 133, "seconds": 2.673788070678711, "valid": true}
{"method": "base", "n": 134, "seconds": 2.5914957523345947, "valid": true}
{"method": "base", "n": 135, "seconds": 2.4994518756866455, "valid": true}
{"method": "base", "n": 136, "seconds": 2.7236831188201904, "valid": true}
{"method": "base", "n": 137, "seconds": 2.1049251556396484, "valid": true}
{"method": "base", "n": 138, "seconds": 1.6964170932769775, "valid": true}
{"method": "base", "n": 139, "seconds": 2.3422679901123047, "valid": true}
{"method": "base", "n": 140, "seconds": 2.54683518409729, "valid": true}
{"method": "base", "n": 141, "seconds": 1.8318052291870117, "valid": true}
{"method": "base", "n": 142, "seconds": 1.710618019104004, "valid": true}
{"method": "base", "n": 143, "seconds": 2.223416805267334, "valid": true}
{"method": "base", "n": 144, "seconds": 2.6051900386810303, "valid": true}
{"method": "base", "n": 145, "seconds": 1.9996068477630615, "valid": true}
{"method": "base", "n": 146, "seconds": 1.6721689701080322, "valid": true}
{"method": "base", "n": 147, "seconds": 2.232222080230713, "valid": true}
{"method": "base", "n": 148, "seconds": 2.4974160194396973, "valid": true}
{"method": "base", "n": 149, "seconds": 2.21183705329895, "valid": true}
{"method": "base", "n": 150, "seconds": 2.0201141834259033, "valid": true}
{"method": "base", "n": 151, "seconds": 1.6843178272247314, "valid": true}
{"method": "base", "n": 152, "seconds": 2.7337307929992676, "valid": true}
{"method": "base", "n": 153, "seconds": 1.561702013015747, "valid": true}
{"method": "base", "n": 154, "seconds": 2.014281988143921, "valid": true}
{"method": "base", "n": 155, "seconds": 2.6860430240631104, "valid": true}
{"method": "base", "n": 156, "seconds": 1.7020008563995361, "valid": true}
{"method": "base", "n": 157, "seconds": 1.9544050693511963, "valid": true}
{"method": "base", "n": 158, "seconds": 2.3194382190704346, "valid": true}
{"method": "base", "n": 159, "seconds": 2.349372148513794, "valid": true}
{"method": "base", "n": 160, "seconds": 1.9282729625701904, "valid": true}
{"method": "base", "n": 161, "seconds": 1.6758239269256592, "valid": true}
{"method": "base", "n": 162, "seconds": 1.9595389366149902, "valid": true}
{"method": "base", "n": 163, "seconds": 1.7349510192871094, "valid": true}
{"method": "base", "n": 164, "seconds": 2.255781888961792, "valid": true}
{"method": "base", "n": 165, "seconds": 2.5824179649353027, "valid": true}
{"method": "base", "n": 166, "seconds": 1.7857768535614014, "valid": true}
{"method": "base", "n": 167, "seconds": 2.2579739093780518, "valid": true}
{"method": "base", "n": 168, "seconds": 1.859476089477539, "valid": true}
{"method": "base", "n": 169, "seconds": 1.7237958908081055, "valid": true}
{"method": "base", "n": 170, "seconds": 2.2435050010681152, "valid": true}
{"method": "base", "n": 171, "seconds": 3.2237708568573, "valid": true}
{"method": "base", "n": 172, "seconds": 2.3149619102478027, "valid": true}
{"method": "base", "n": 173, "seconds": 2.2144479751586914, "valid": true}
{"method": "base", "n": 174, "seconds": 1.653871774673462, "valid": true}
{"method": "base", "n": 175, "seconds": 2.1846399307250977, "valid": true}
{"method": "base", "n": 176, "seconds": 1.7786579132080078, "valid": true}
{"method": "base", "n": 177, "seconds": 2.1301589012145996, "valid": true}
{"method": "base", "n": 178, "seconds": 2.388417959213257, "valid": true}
{"method": "base", "n": 179, "seconds": 2.086327075958252, "valid": true}
{"method": "base", "n": 180, "seconds": 2.127903938293457, "valid": true}
{"method": "base", "n": 181, "seconds": 1.495638132095337, "valid": true}
{"method": "base", "n": 182, "seconds": 2.251676321029663, "valid": true}
{"method": "base", "n": 183, "seconds": 1.8634061813354492, "valid": true}
{"method": "base", "n": 184, "seconds": 2.805255889892578, "valid": true}
{"method": "base", "n": 185, "seconds": 2.8939712047576904, "valid": true}
{"method": "base", "n": 186, "seconds": 1.726302146911621, "valid": true}
{"method": "base", "n": 187, "seconds": 1.948429822921753, "valid": true}
{"method": "base", "n": 188, "seconds": 1.5290729999542236, "valid": true}
{"method": "base", "n": 189, "seconds": 2.0184872150421143, "valid": true}
{"method": "base", "n": 190, "seconds": 1.8306589126586914, "valid": true}
{"method": "base", "n": 191, "seconds": 1.7188389301300049, "valid": true}
{"method": "base", "n": 192, "seconds": 2.1855108737945557, "valid": true}
{"method": "base", "n": 193, "seconds": 3.155367374420166, "valid": true}
{"method": "base", "n": 194, "seconds": 3.267874002456665, "valid": true}
{"method": "base", "n": 195, "seconds": 2.142108917236328, "valid": true}
{"method": "base", "n": 196, "seconds": 2.021489143371582, "valid": true}
{"method": "base", "n": 197, "seconds": 2.340226173400879, "valid": true}
{"method": "base", "n": 198, "seconds": 1.86012601852417, "valid": true}
{"method": "base", "n": 199, "seconds": 1.3648786544799805, "valid": true}
{"method": "base", "n": 200, "seconds": 1.994507074356079, "valid": true}
{"method": "base", "n": 201, "seconds": 1.5524110794067383, "valid": true}
{"method": "base", "n": 202, "seconds": 2.3779850006103516, "valid": true}
{"method": "base", "n": 203, "seconds": 2.1979281902313232, "valid": true}
{"method": "base", "n": 204, "seconds": 2.3068180084228516, "valid": true}
{"method": "base", "n": 205, "seconds": 1.7424938678741455, "valid": true}
{"method": "base", "n": 206, "seconds": 1.3657407760620117, "valid": true}
{"method": "base", "n": 207, "seconds": 1.682007074356079, "valid": true}
{"method": "base", "n": 208, "seconds": 2.43569278717041, "valid": true}
{"method": "base", "n": 209, "seconds": 2.2942051887512207, "valid": true}
{"method": "base", "n": 210, "seconds": 2.1422882080078125, "valid": true}
{"method": "base", "n": 211, "seconds": 1.8338770866394043, "valid": true}
{"method": "base", "n": 212, "seconds": 2.1552510261535645, "valid": true}
{"method": "base", "n": 213, "seconds": 1.791684865951538, "valid": true}
{"method": "base", "n": 214, "seconds": 2.073662042617798, "valid": true}
{"method": "base", "n": 215, "seconds": 2.3458011150360107, "valid": true}
{"method": "base", "n": 216, "seconds": 2.1439549922943115, "valid": true}
{"method": "base", "n": 217, "seconds": 2.0796401500701904, "valid": true}
{"method": "base", "n": 218, "seconds": 1.6340160369873047, "valid": true}
{"method": "base", "n": 219, "seconds": 1.3826990127563477, "valid": true}
{"method": "base", "n": 220, "seconds": 1.414053201675415, "valid": true}
{"method": "base", "n": 221, "seconds": 1.9776241779327393, "valid": true}
{"method": "base", "n": 222, "seconds": 1.6723589897155762, "valid": true}
{"method": "base", "n": 223, "seconds": 2.4596779346466064, "valid": true}
{"method": "base", "n": 224, "seconds": 2.389647960662842, "valid": true}
{"method": "base", "n": 225, "seconds": 2.281162977218628, "valid": true}
{"method": "base", "n": 226, "seconds": 2.364664077758789, "valid": true}
{"method": "base", "n": 227, "seconds": 1.7663450241088867, "valid": true}
{"method": "base", "n": 228, "seconds": 1.887340784072876, "valid": true}
{"method": "base", "n": 229, "seconds": 1.9642119407653809, "valid": true}
{"method": "base", "n": 230, "seconds": 2.5032310485839844, "valid": true}
{"method": "base", "n": 231, "seconds": 1.5155978202819824, "valid": true}
{"method": "base", "n": 232, "seconds": 1.748567819595337, "valid": true}
{"method": "base", "n": 233, "seconds": 1.691694736480713, "valid": true}
{"method": "base", "n": 234, "seconds": 1.6871209144592285, "valid": true}
{"method": "base", "n": 235, "seconds": 1.5973749160766602, "valid": true}
{"method": "base", "n": 236, "seconds": 1.7949481010437012, "valid": true}
{"method": "base", "n": 237, "seconds": 1.7044358253479004, "valid": true}
{"method": "base", "n": 238, "seconds": 1.7726609706878662, "valid": true}
{"method": "base", "n": 239, "seconds": 2.6006991863250732, "valid": true}
{"method": "base", "n": 240, "seconds": 1.940748929977417, "valid": true}
{"method": "base", "n": 241, "seconds": 2.9545679092407227, "valid": true}
{"method": "base", "n": 242, "seconds": 2.5260860919952393, "valid": true}
{"method": "base", "n": 243, "seconds": 2.0388240814208984, "valid": true}
{"method": "base", "n": 244, "seconds": 1.5179059505462646, "valid": true}
{"method": "base", "n": 245, "seconds": 1.523045301437378, "valid": true}
{"method": "base", "n": 246, "seconds": 2.2769410610198975, "valid": true}
{"method": "base", "n": 247, "seconds": 2.338122844696045, "valid": true}
{"method": "base", "n": 248, "seconds": 1.9284141063690186, "valid": true}
{"method": "base", "n": 249, "seconds": 1.4541089534759521, "valid": true}
{"method": "base", "n": 250, "seconds": 2.547790050506592, "valid": true}
{"method": "base", "n": 251, "seconds": 1.7911100387573242, "valid": true}
{"method": "base", "n": 252, "seconds": 2.00677490234375, "valid": true}
{"method": "base", "n": 253, "seconds": 1.9075069427490234, "valid": true}
{"method": "base", "n": 254, "seconds": 2.5286781787872314, "valid": true}
{"method": "base", "n": 255, "seconds": 1.952984094619751, "valid": true}
{"method": "base", "n": 256, "seconds": 2.318974018096924, "valid": true}
{"method": "base", "n": 257, "seconds": 1.7655160427093506, "valid": true}
{"method": "base", "n": 258, "seconds": 1.9656851291656494, "valid": true}
{"method": "base", "n": 259, "seconds": 2.335655927658081, "valid": true}
{"method": "base", "n": 260, "seconds": 1.8326241970062256, "valid": true}
{"method": "base", "n": 261, "seconds": 1.7114930152893066, "valid": true}
{"method": "base", "n": 262, "seconds": 1.820237636566162, "valid": true}
{"method": "base", "n": 263, "seconds": 1.813762903213501, "valid": true}
{"method": "base", "n": 264, "seconds": 1.3554399013519287, "valid": true}
{"method": "base", "n": 265, "seconds": 2.5250229835510254, "valid": true}
{"method": "base", "n": 266, "seconds": 2.8556511402130127, "valid": true}
{"method": "base", "n": 267, "seconds": 1.4838876724243164, "valid": true}
{"method": "base", "n": 268, "seconds": 1.7220649719238281, "valid": true}
{"method": "base", "n": 269, "seconds": 2.0195019245147705, "valid": true}
{"method": "base", "n": 270, "seconds": 2.2751591205596924, "valid": true}
{"method": "base", "n": 271, "seconds": 1.812180995941162, "valid": true}
{"method": "base", "n": 272, "seconds": 2.019888162612915, "valid": true}
{"method": "base", "n": 273, "seconds": 2.0139951705932617, "valid": true}
{"method": "base", "n": 274, "seconds": 1.5666699409484863, "valid": true}
{"method": "base", "n": 275, "seconds": 1.516355037689209, "valid": true}
{"method": "base", "n": 276, "seconds": 1.9682896137237549, "valid": true}
{"method": "base", "n": 277, "seconds": 2.3436391353607178, "valid": true}
{"method": "base", "n": 278, "seconds": 1.7010219097137451, "valid": true}
{"method": "base", "n": 279, "seconds": 2.1548573970794678, "valid": true}
{"method": "base", "n": 280, "seconds": 1.5002892017364502, "valid": true}
{"method": "base", "n": 281, "seconds": 2.4483399391174316, "valid": true}
{"method": "base", "n": 282, "seconds": 1.8121120929718018, "valid": true}
{"method": "base", "n": 283, "seconds": 3.2436301708221436, "valid": true}
{"method": "base", "n": 284, "seconds": 2.5985777378082275, "valid": true}
{"method": "base", "n": 285, "seconds": 2.5313880443573, "valid": true}
{"method": "base", "n": 286, "seconds": 1.7439322471618652, "valid": true}
{"method": "base", "n": 287, "seconds": 1.639779806137085, "valid": true}
{"method": "base", "n": 288, "seconds": 1.3426482677459717, "valid": true}
{"method": "base", "n": 289, "seconds": 1.8262438774108887, "valid": true}
{"method": "base", "n": 290, "seconds": 1.7174389362335205, "valid": true}
{"method": "base", "n": 291, "seconds": 2.014511823654175, "valid": true}
{"method": "base", "n": 292, "seconds": 1.6821212768554688, "valid": true}
{"method": "base", "n": 293, "seconds": 2.13639497756958, "valid": true}
{"method": "base", "n": 294, "seconds": 1.7367758750915527, "valid": true}
{"method": "base", "n": 295, "seconds": 1.788133144378662, "valid": true}
{"method": "base", "n": 296, "seconds": 2.2706377506256104, "valid": true}
{"method": "base", "n": 297, "seconds": 2.062680721282959, "valid": true}
{"method": "base", "n": 298, "seconds": 2.4042391777038574, "valid": true}
{"method": "base", "n": 299, "seconds": 2.000114917755127, "valid": true}
{"method": "base", "n": 300, "seconds": 2.195399284362793, "valid": true}
{"method": "base", "n": 301, "seconds": 1.3830900192260742, "valid": true}
{"method": "base", "n": 302, "seconds": 1.8033292293548584, "valid": true}
{"method": "base", "n": 303, "seconds": 2.237173080444336, "valid": true}
{"method": "base", "n": 304, "seconds": 2.1298837661743164, "valid": true}
{"method": "base", "n": 305, "seconds": 1.848259687423706, "valid": true}
{"method": "base", "n": 306, "seconds": 1.5651130676269531, "valid": true}
{"method": "base", "n": 307, "seconds": 1.423124074935913, "valid": true}
{"method": "base", "n": 308, "seconds": 1.4483168125152588, "valid": true}
{"method": "base", "n": 309, "seconds": 1.872582197189331, "valid": true}
{"method": "base", "n": 310, "seconds": 1.2861719131469727, "valid": true}
{"method": "base", "n": 311, "seconds": 1.6282470226287842, "valid": true}
{"method": "base", "n": 312, "seconds": 2.0777437686920166, "valid": true}
{"method": "base", "n": 313, "seconds": 1.9519658088684082, "valid": true}
{"method": "base", "n": 314, "seconds": 2.4024341106414795, "valid": true}
{"method": "base", "n": 315, "seconds": 2.7310140132904053, "valid": true}
{"method": "base", "n": 316, "seconds": 2.0150649547576904, "valid": true}
{"method": "base", "n": 317, "seconds": 2.1294989585876465, "valid": true}
{"method": "base", "n": 318, "seconds": 1.7808167934417725, "valid": true}
{"method": "base", "n": 319, "seconds": 1.5525410175323486, "valid": true}
{"method": "base", "n": 320, "seconds": 1.987516164779663, "valid": true}
{"method": "base", "n": 321, "seconds": 1.8471298217773438, "valid": true}
{"method": "base", "n": 322, "seconds": 2.0448930263519287, "valid": true}
{"method": "base", "n": 323, "seconds": 1.8675127029418945, "valid": true}
{"method": "base", "n": 324, "seconds": 1.9113118648529053, "valid": true}
{"method": "base", "n": 325, "seconds": 1.7207040786743164, "valid": true}
{"method": "base", "n": 326, "seconds": 1.8489153385162354, "valid": true}
{"method": "base", "n": 327, "seconds": 2.5490658283233643, "valid": true}
{"method": "base", "n": 328, "seconds": 2.2277560234069824, "valid": true}
{"method": "base", "n": 329, "seconds": 2.1551029682159424, "valid": true}
{"method": "base", "n": 330, "seconds": 1.52006196975708, "valid": true}
{"method": "base", "n": 331, "seconds": 1.6240136623382568, "valid": true}
{"method": "base", "n": 332, "seconds": 1.4225990772247314, "valid": true}
{"method": "base", "n": 333, "seconds": 2.0664119720458984, "valid": true}
{"method": "base", "n": 334, "seconds": 2.172199010848999, "valid": true}
{"method": "base", "n": 335, "seconds": 2.176499128341675, "valid": true}
{"method": "base", "n": 336, "seconds": 1.8144211769104004, "valid": true}
{"method": "base", "n": 337, "seconds": 1.590353012084961, "valid": true}
{"method": "base", "n": 338, "seconds": 1.6026229858398438, "valid": true}
{"method": "base", "n": 339, "seconds": 1.7983369827270508, "valid": true}
{"method": "base", "n": 340, "seconds": 2.008655071258545, "valid": true}
{"method": "base", "n": 341, "seconds": 1.6152069568634033, "valid": true}
{"method": "base", "n": 342, "seconds": 1.7484769821166992, "valid": true}
{"method": "base", "n": 343, "seconds": 1.4594991207122803, "valid": true}
{"method": "base", "n": 344, "seconds": 2.509665012359619, "valid": true}
{"method": "base", "n": 345, "seconds": 1.5026021003723145, "valid": true}
{"method": "base", "n": 346, "seconds": 1.8029921054840088, "valid": true}
{"method": "base", "n": 347, "seconds": 2.219593048095703, "valid": true}
{"method": "base", "n": 348, "seconds": 2.285914897918701, "valid": true}
{"method": "base", "n": 349, "seconds": 2.3118579387664795, "valid": true}
{"method": "base", "n": 350, "seconds": 1.3241379261016846, "valid": true}
{"method": "base", "n": 351, "seconds": 2.0552430152893066, "valid": true}
{"method": "base", "n": 352, "seconds": 2.0802907943725586, "valid": true}
{"method": "base", "n": 353, "seconds": 2.547194004058838, "valid": true}
{"method": "base", "n": 354, "seconds": 2.1824791431427, "valid": true}
{"method": "base", "n": 355, "seconds": 2.1249608993530273, "valid": true}
{"method": "base", "n": 356, "seconds": 1.5316572189331055, "valid": true}
{"method": "base", "n": 357, "seconds": 1.7216849327087402, "valid": true}
{"method": "base", "n": 358, "seconds": 1.9808282852172852, "valid": true}
{"method": "base", "n": 359, "seconds": 1.7657899856567383, "valid": true}
{"method": "base", "n": 360, "seconds": 1.5359561443328857, "valid": true}
{"method": "base", "n": 361, "seconds": 1.8273730278015137, "valid": true}
{"method": "base", "n": 362, "seconds": 2.1812407970428467, "valid": true}
{"method": "base", "n": 363, "seconds": 1.9428598880767822, "valid": true}
{"method": "base", "n": 364, "seconds": 1.7337279319763184, "valid": true}
{"method": "base", "n": 365, "seconds": 1.6564629077911377, "valid": true}
{"method": "base", "n": 366, "seconds": 1.613300085067749, "valid": true}
{"method": "base", "n": 367, "seconds": 2.2370212078094482, "valid": true}
{"method": "base", "n": 368, "seconds": 2.733027219772339, "valid": true}
{"method": "base", "n": 369, "seconds": 2.401244878768921, "valid": true}
{"method": "base", "n": 370, "seconds": 1.657498836517334, "valid": true}
{"method": "base", "n": 371, "seconds": 2.129201889038086, "valid": true}
{"method": "base", "n": 372, "seconds": 2.1588029861450195, "valid": true}
{"method": "base", "n": 373, "seconds": 1.4811480045318604, "valid": true}
{"method": "base", "n": 374, "seconds": 1.8378231525421143, "valid": true}
{"method": "base", "n": 375, "seconds": 1.929476022720337, "valid": true}
{"method": "base", "n": 376, "seconds": 1.7107510566711426, "valid": true}
{"method": "base", "n": 377, "seconds": 1.4206340312957764, "valid": true}
{"method": "base", "n": 378, "seconds": 1.8713748455047607, "valid": true}
{"method": "base", "n": 379, "seconds": 2.221928834915161, "valid": true}
{"method": "base", "n": 380, "seconds": 1.485642910003662, "valid": true}
{"method": "base", "n": 381, "seconds": 2.259850025177002, "valid": true}
{"method": "base", "n": 382, "seconds": 2.1942291259765625, "valid": true}
{"method": "base", "n": 383, "seconds": 2.365410089492798, "valid": true}
{"method": "base", "n": 384, "seconds": 1.9998340606689453, "valid": true}
{"method": "base", "n": 385, "seconds": 2.120651960372925, "valid": true}
{"method": "base", "n": 386, "seconds": 2.325488328933716, "valid": true}
{"method": "base", "n": 387, "seconds": 2.1788408756256104, "valid": true}
{"method": "base", "n": 388, "seconds": 1.524669885635376, "valid": true}
{"method": "base", "n": 389, "seconds": 2.5389130115509033, "valid": true}
{"method": "base", "n": 390, "seconds": 1.7656118869781494, "valid": true}
{"method": "base", "n": 391, "seconds": 1.6991581916809082, "valid": true}
{"method": "base", "n": 392, "seconds": 2.127559185028076, "valid": true}
{"method": "base", "n": 393, "seconds": 1.997987985610962, "valid": true}
{"method": "base", "n": 394, "seconds": 1.5966432094573975, "valid": true}
{"method": "base", "n": 395, "seconds": 1.8279809951782227, "valid": true}
{"method": "base", "n": 396, "seconds": 1.2813541889190674, "valid": true}
{"method": "base", "n": 397, "seconds": 2.160446882247925, "valid": true}
{"method": "base", "n": 398, "seconds": 1.4711031913757324, "valid": true}
{"method": "base", "n": 399, "seconds": 1.5724210739135742, "valid": true}
{"method": "base", "n": 400, "seconds": 1.337357997894287, "valid": true}
{"method": "base", "n": 401, "seconds": 1.5599160194396973, "valid": true}
{"method": "base", "n": 402, "seconds": 1.6053931713104248, "valid": true}
{"method": "base", "n": 403, "seconds": 1.612684726715088, "valid": true}
{"method": "base", "n": 404, "seconds": 1.4528541564941406, "valid": true}
{"method": "base", "n": 405, "seconds": 2.462761878967285, "valid": true}
{"method": "base", "n": 406, "seconds": 2.0211799144744873, "valid": true}
{"method": "base", "n": 407, "seconds": 1.7381041049957275, "valid": true}
{"method": "base", "n": 408, "seconds": 2.039916753768921, "valid": true}
{"method": "base", "n": 409, "seconds": 1.6539273262023926, "valid": true}
{"method": "base", "n": 410, "seconds": 2.099047899246216, "valid": true}
{"method": "base", "n": 411, "seconds": 1.7818162441253662, "valid": true}
{"method": "base", "n": 412, "seconds": 1.923563003540039, "valid": true}
{"method": "base", "n": 413, "seconds": 2.084710121154785, "valid": true}
{"method": "base", "n": 414, "seconds": 2.0677590370178223, "valid": true}
{"method": "base", "n": 415, "seconds": 2.8668291568756104, "valid": true}
{"method": "base", "n": 416, "seconds": 2.002932071685791, "valid": true}
{"method": "base", "n": 417, "seconds": 1.9029831886291504, "valid": true}
{"method": "base", "n": 418, "seconds": 2.1155519485473633, "valid": true}
{"method": "base", "n": 419, "seconds": 2.342226266860962, "valid": true}
{"method": "base", "n": 420, "seconds": 2.0030248165130615, "valid": true}
{"method": "base", "n": 421, "seconds": 1.5225410461425781, "valid": true}
{"method": "base", "n": 422, "seconds": 1.964951753616333, "valid": true}
{"method": "base", "n": 423, "seconds": 2.3517918586730957, "valid": true}
{"method": "base", "n": 424, "seconds": 1.6771438121795654, "valid": true}
{"method": "base", "n": 425, "seconds": 2.0965402126312256, "valid": true}
{"method": "base", "n": 426, "seconds": 2.0473151206970215, "valid": true}
{"method": "base", "n": 427, "seconds": 1.692445993423462, "valid": true}
{"method": "base", "n": 428, "seconds": 1.9914319515228271, "valid": true}
{"method": "base", "n": 429, "seconds": 2.195680856704712, "valid": true}
{"method": "base", "n": 430, "seconds": 1.9865212440490723, "valid": true}
{"method": "base", "n": 431, "seconds": 1.9894490242004395, "valid": true}
{"method": "base", "n": 432, "seconds": 2.077277898788452, "valid": true}
{"method": "base", "n": 433, "seconds": 1.857908010482788, "valid": true}
{"method": "base", "n": 434, "seconds": 2.089430093765259, "valid": true}
{"method": "base", "n": 435, "seconds": 1.9631879329681396, "valid": true}
{"method": "base", "n": 436, "seconds": 2.0612380504608154, "valid": true}
{"method": "base", "n": 437, "seconds": 1.5619800090789795, "valid": true}
{"method": "base", "n": 438, "seconds": 1.6239471435546875, "valid": true}
{"method": "base", "n": 439, "seconds": 1.8460118770599365, "valid": true}
{"method": "base", "n": 440, "seconds": 1.4423370361328125, "valid": true}
{"method": "base", "n": 441, "seconds": 1.7951500415802002, "valid": true}
{"method": "base", "n": 442, "seconds": 2.904677152633667, "valid": true}
{"method": "base", "n": 443, "seconds": 2.5705931186676025, "valid": true}
{"method": "base", "n": 444, "seconds": 1.3932089805603027, "valid": true}
{"method": "base", "n": 445, "seconds": 1.4970428943634033, "valid": true}
{"method": "base", "n": 446, "seconds": 2.3819618225097656, "valid": true}
{"method": "base", "n": 447, "seconds": 1.6386380195617676, "valid": true}
{"method": "base", "n": 448, "seconds": 1.396117925643921, "valid": true}
{"method": "base", "n": 449, "seconds": 1.915235996246338, "valid": true}
{"method": "base", "n": 450, "seconds": 1.7018229961395264, "valid": true}
{"method": "base", "n": 451, "seconds": 2.237031936645508, "valid": true}
{"method": "base", "n": 452, "seconds": 2.457831859588623, "valid": true}
{"method": "base", "n": 453, "seconds": 2.3116507530212402, "valid": true}
{"method": "base", "n": 454, "seconds": 1.8692548274993896, "valid": true}
{"method": "base", "n": 455, "seconds": 1.7577009201049805, "valid": true}
{"method": "base", "n": 456, "seconds": 1.986217975616455, "valid": true}
{"method": "base", "n": 457, "seconds": 1.527972936630249, "valid": true}
{"method": "base", "n": 458, "seconds": 1.7222709655761719, "valid": true}
{"method": "base", "n": 459, "seconds": 1.58079195022583, "valid": true}
{"method": "base", "n": 460, "seconds": 1.7884032726287842, "valid": true}
{"method": "base", "n": 461, "seconds": 2.5034339427948, "valid": true}
{"method": "base", "n": 462, "seconds": 1.6366181373596191, "valid": true}
{"method": "base", "n": 463, "seconds": 2.194905996322632, "valid": true}
{"method": "base", "n": 464, "seconds": 2.7100799083709717, "valid": true}
{"method": "base", "n": 465, "seconds": 1.908560037612915, "valid": true}
{"method": "base", "n": 466, "seconds": 2.3388590812683105, "valid": true}
{"method": "base", "n": 467, "seconds": 2.1010351181030273, "valid": true}
{"method": "base", "n": 468, "seconds": 1.9858779907226562, "valid": true}
{"method": "base", "n": 469, "seconds": 1.4299020767211914, "valid": true}
{"method": "base", "n": 470, "seconds": 1.6572721004486084, "valid": true}
{"method": "base", "n": 471, "seconds": 2.17407488822937, "valid": true}
{"method": "base", "n": 472, "seconds": 1.5643830299377441, "valid": true}
{"method": "base", "n": 473, "seconds": 1.7225761413574219, "valid": true}
{"method": "base", "n": 474, "seconds": 2.13840913772583, "valid": true}
{"method": "base", "n": 475, "seconds": 1.5030391216278076, "valid": true}
{"method": "base", "n": 476, "seconds": 2.0712530612945557, "valid": true}
{"method": "base", "n": 477, "seconds": 2.085498094558716, "valid": true}
{"method": "base", "n": 478, "seconds": 2.1011528968811035, "valid": true}
{"method": "base", "n": 479, "seconds": 1.854513168334961, "valid": true}
{"method": "base", "n": 480, "seconds": 2.1750049591064453, "valid": true}
{"method": "base", "n": 481, "seconds": 2.577587127685547, "valid": true}
{"method": "base", "n": 482, "seconds": 1.646381139755249, "valid": true}
{"method": "base", "n": 483, "seconds": 1.6518330574035645, "valid": true}
{"method": "base", "n": 484, "seconds": 1.9202890396118164, "valid": true}
{"method": "base", "n": 485, "seconds": 1.9216151237487793, "valid": true}
{"method": "base", "n": 486, "seconds": 1.9441108703613281, "valid": true}
{"method": "base", "n": 487, "seconds": 1.4951379299163818, "valid": true}
{"method": "base", "n": 488, "seconds": 1.7029268741607666, "valid": true}
{"method": "base", "n": 489, "seconds": 1.6556060314178467, "valid": true}
{"method": "base", "n": 490, "seconds": 1.6770009994506836, "valid": true}
{"method": "base", "n": 491, "seconds": 1.6348671913146973, "valid": true}
{"method": "base", "n": 492, "seconds": 1.9319560527801514, "valid": true}
{"method": "base", "n": 493, "seconds": 2.6042120456695557, "valid": true}
{"method": "base", "n": 494, "seconds": 1.5807609558105469, "valid": true}
{"method": "base", "n": 495, "seconds": 1.863257884979248, "valid": true}
{"method": "base", "n": 496, "seconds": 2.002678871154785, "valid": true}
{"method": "base", "n": 497, "seconds": 2.005741834640503, "valid": true}
{"method": "base", "n": 498, "seconds": 1.873617172241211, "valid": true}
{"method": "base", "n": 499, "seconds": 1.6628670692443848, "valid": true}
{"method": "base", "n": 500, "seconds": 1.5147130489349365, "valid": true}
{"method": "base", "n": 501, "seconds": 1.6917040348052979, "valid": true}
{"method": "base", "n": 502, "seconds": 1.9813952445983887, "valid": true}
{"method": "base", "n": 503, "seconds": 2.2424700260162354, "valid": true}
{"method": "base", "n": 504, "seconds": 2.1552038192749023, "valid": true}
{"method": "base", "n": 505, "seconds": 2.0683441162109375, "valid": true}
{"method": "base", "n": 506, "seconds": 1.8165082931518555, "valid": true}
{"method": "base", "n": 507, "seconds": 2.3142387866973877, "valid": true}
{"method": "base", "n": 508, "seconds": 2.4262428283691406, "valid": true}
{"method": "base", "n": 509, "seconds": 2.354590892791748, "valid": true}
{"method": "base", "n": 510, "seconds": 1.8595921993255615, "valid": true}
{"method": "base", "n": 511, "seconds": 1.7239210605621338, "valid": true}
{"method": "base", "n": 512, "seconds": 2.0611319541931152, "valid": true}
{"method": "base", "n": 513, "seconds": 1.8343110084533691, "valid": true}
{"method": "base", "n": 514, "seconds": 2.08701491355896, "valid": true}
{"method": "base", "n": 515, "seconds": 1.5223641395568848, "valid": true}
{"method": "base", "n": 516, "seconds": 2.43707275390625, "valid": true}
{"method": "base", "n": 517, "seconds": 2.821291923522949, "valid": true}
{"method": "base", "n": 518, "seconds": 1.8373990058898926, "valid": true}
{"method": "base", "n": 519, "seconds": 1.5604181289672852, "valid": true}
{"method": "base", "n": 520, "seconds": 1.765408992767334, "valid": true}
{"method": "base", "n": 521, "seconds": 1.8171117305755615, "valid": true}
{"method": "base", "n": 522, "seconds": 2.060418128967285, "valid": true}
{"method": "base", "n": 523, "seconds": 2.7210350036621094, "valid": true}
{"method": "base", "n": 524, "seconds": 1.3244318962097168, "valid": true}
{"method": "base", "n": 525, "seconds": 2.3063549995422363, "valid": true}
{"method": "base", "n": 526, "seconds": 1.7238571643829346, "valid": true}
{"method": "base", "n": 527, "seconds": 1.9721260070800781, "valid": true}
{"method": "base", "n": 528, "seconds": 1.7628538608551025, "valid": true}
{"method": "base", "n": 529, "seconds": 1.5013840198516846, "valid": true}
{"method": "base", "n": 530, "seconds": 2.673025131225586, "valid": true}
{"method": "base", "n": 531, "seconds": 1.9418072700500488, "valid": true}
{"method": "base", "n": 532, "seconds": 1.471060037612915, "valid": true}
{"method": "base", "n": 533, "seconds": 1.5271708965301514, "valid": true}
{"method": "base", "n": 534, "seconds": 1.9125628471374512, "valid": true}
{"method": "base", "n": 535, "seconds": 1.5683929920196533, "valid": true}
{"method": "base", "n": 536, "seconds": 2.0502610206604004, "valid": true}
{"method": "base", "n": 537, "seconds": 2.5027220249176025, "valid": true}
{"method": "base", "n": 538, "seconds": 2.6434268951416016, "valid": true}
{"method": "base", "n": 539, "seconds": 1.6473321914672852, "valid": true}
{"method": "base", "n": 540, "seconds": 1.5551350116729736, "valid": true}
{"method": "base", "n": 541, "seconds": 2.134647846221924, "valid": true}
{"method": "base", "n": 542, "seconds": 1.9326882362365723, "valid": true}
{"method": "base", "n": 543, "seconds": 1.6397130489349365, "valid": true}
{"method": "base", "n": 544, "seconds": 1.749567985534668, "valid": true}
{"method": "base", "n": 545, "seconds": 1.668722152709961, "valid": true}
{"method": "base", "n": 546, "seconds": 1.646136999130249, "valid": true}
{"method": "base", "n": 547, "seconds": 1.4982566833496094, "valid": true}
{"method": "base", "n": 548, "seconds": 2.349018096923828, "valid": true}
{"method": "base", "n": 549, "seconds": 1.9877102375030518, "valid": true}
{"method": "base", "n": 550, "seconds": 2.081339120864868, "valid": true}
{"method": "base", "n": 551, "seconds": 2.303694009780884, "valid": true}
{"method": "base", "n": 552, "seconds": 2.4394490718841553, "valid": true}
{"method": "base", "n": 553, "seconds": 1.7032160758972168, "valid": true}
{"method": "base", "n": 554, "seconds": 2.3136990070343018, "valid": true}
{"method": "base", "n": 555, "seconds": 1.8792901039123535, "valid": true}
{"method": "base", "n": 556, "seconds": 1.4927728176116943, "valid": true}
{"method": "base", "n": 557, "seconds": 2.064703941345215, "valid": true}
{"method": "base", "n": 558, "seconds": 1.9997310638427734, "valid": true}
{"method": "base", "n": 559, "seconds": 1.4073090553283691, "valid": true}
{"method": "base", "n": 560, "seconds": 1.9180071353912354, "valid": true}
{"method": "base", "n": 561, "seconds": 2.467957019805908, "valid": true}
{"method": "base", "n": 562, "seconds": 1.655606985092163, "valid": true}
{"method": "base", "n": 563, "seconds": 1.2968120574951172, "valid": true}
{"method": "base", "n": 564, "seconds": 1.8920361995697021, "valid": true}
{"method": "base", "n": 565, "seconds": 1.8667240142822266, "valid": true}
{"method": "base", "n": 566, "seconds": 1.5507631301879883, "valid": true}
{"method": "base", "n": 567, "seconds": 2.414287805557251, "valid": true}
{"method": "base", "n": 568, "seconds": 2.322671890258789, "valid": true}
{"method": "base", "n": 569, "seconds": 1.7996270656585693, "valid": true}
{"method": "base", "n": 570, "seconds": 1.565237045288086, "valid": true}
{"method": "base", "n": 571, "seconds": 2.208524703979492, "valid": true}
{"method": "base", "n": 572, "seconds": 1.8986749649047852, "valid": true}
{"method": "base", "n": 573, "seconds": 1.6812541484832764, "valid": true}
{"method": "base", "n": 574, "seconds": 2.258829116821289, "valid": true}
{"method": "base", "n": 575, "seconds": 2.543597936630249, "valid": true}
{"method": "base", "n": 576, "seconds": 1.453589677810669, "valid": true}
{"method": "base", "n": 577, "seconds": 1.5418660640716553, "valid": true}
{"method": "base", "n": 578, "seconds": 2.1830568313598633, "valid": true}
{"method": "base", "n": 579, "seconds": 2.298828125, "valid": true}
{"method": "base", "n": 580, "seconds": 2.398463010787964, "valid": true}
{"method": "base", "n": 581, "seconds": 2.0083389282226562, "valid": true}
{"method": "base", "n": 582, "seconds": 2.6245481967926025, "valid": true}
{"method": "base", "n": 583, "seconds": 1.9398388862609863, "valid": true}
{"method": "base", "n": 584, "seconds": 1.9993951320648193, "valid": true}
{"method": "base", "n": 585, "seconds": 1.752553939819336, "valid": true}
{"method": "base", "n": 586, "seconds": 1.7813031673431396, "valid": true}
{"method": "base", "n": 587, "seconds": 1.6220879554748535, "valid": true}
{"method": "base", "n": 588, "seconds": 1.8320162296295166, "valid": true}
{"method": "base", "n": 589, "seconds": 1.7741341590881348, "valid": true}
{"method": "base", "n": 590, "seconds": 1.6219000816345215, "valid": true}
{"method": "base", "n": 591, "seconds": 1.6636102199554443, "valid": true}
{"method": "base", "n": 592, "seconds": 2.8515000343322754, "valid": true}
{"method": "base", "n": 593, "seconds": 1.7548401355743408, "valid": true}
{"method": "base", "n": 594, "seconds": 2.1036159992218018, "valid": true}
{"method": "base", "n": 595, "seconds": 1.7623770236968994, "valid": true}
{"method": "base", "n": 596, "seconds": 1.749229907989502, "valid": true}
{"method": "base", "n": 597, "seconds": 1.8790478706359863, "valid": true}
{"method": "base", "n": 598, "seconds": 1.7765889167785645, "valid": true}
{"method": "base", "n": 599, "seconds": 2.102489709854126, "valid": true}
{"method": "base", "n": 600, "seconds": 1.9268779754638672, "valid": true}
{"method": "base", "n": 601, "seconds": 2.1136739253997803, "valid": true}
{"method": "base", "n": 602, "seconds": 1.6458697319030762, "valid": true}
{"method": "base", "n": 603, "seconds": 1.6843500137329102, "valid": true}
{"method": "base", "n": 604, "seconds": 1.9851620197296143, "valid": true}
{"method": "base", "n": 605, "seconds": 1.906128168106079, "valid": true}
{"method": "base", "n": 606, "seconds": 2.1794798374176025, "valid": true}
{"method": "base", "n": 607, "seconds": 2.1524438858032227, "valid": true}
{"method": "base", "n": 608, "seconds": 2.049158811569214, "valid": true}
{"method": "base", "n": 609, "seconds": 2.1419951915740967, "valid": true}
{"method": "base", "n": 610, "seconds": 2.4025700092315674, "valid": true}
{"method": "base", "n": 611, "seconds": 1.5578501224517822, "valid": true}
{"method": "base", "n": 612, "seconds": 2.655421018600464, "valid": true}
{"method": "base", "n": 613, "seconds": 2.3641040325164795, "valid": true}
{"method": "base", "n": 614, "seconds": 2.7098402976989746, "valid": true}
{"method": "base", "n": 615, "seconds": 1.7017560005187988, "valid": true}
{"method": "base", "n": 616, "seconds": 1.8769898414611816, "valid": true}
{"method": "base", "n": 617, "seconds": 2.256049871444702, "valid": true}
{"method": "base", "n": 618, "seconds": 1.778977870941162, "valid": true}
{"method": "base", "n": 619, "seconds": 2.2657549381256104, "valid": true}
{"method": "base", "n": 620, "seconds": 2.037033796310425, "valid": true}
{"method": "base", "n": 621, "seconds": 1.9200241565704346, "valid": true}
{"method": "base", "n": 622, "seconds": 1.9145300388336182, "valid": true}
{"method": "base", "n": 623, "seconds": 1.7992210388183594, "valid": true}
{"method": "base", "n": 624, "seconds": 1.581101655960083, "valid": true}
{"method": "base", "n": 625, "seconds": 1.8455920219421387, "valid": true}
{"method": "base", "n": 626, "seconds": 1.780188798904419, "valid": true}
{"method": "base", "n": 627, "seconds": 1.7901761531829834, "valid": true}
{"method": "base", "n": 628, "seconds": 1.7992208003997803, "valid": true}
{"method": "base", "n": 629, "seconds": 1.753978967666626, "valid": true}
{"method": "base", "n": 630, "seconds": 2.2990729808807373, "valid": true}
{"method": "base", "n": 631, "seconds": 2.157796859741211, "valid": true}
{"method": "base", "n": 632, "seconds": 1.5406980514526367, "valid": true}
{"method": "base", "n": 633, "seconds": 1.80470609664917, "valid": true}
{"method": "base", "n": 634, "seconds": 2.418412923812866, "valid": true}
{"method": "base", "n": 635, "seconds": 2.308582305908203, "valid": true}
{"method": "base", "n": 636, "seconds": 1.6833481788635254, "valid": true}
{"method": "base", "n": 637, "seconds": 2.5635337829589844, "valid": true}
{"method": "base", "n": 638, "seconds": 2.125551700592041, "valid": true}
{"method": "base", "n": 639, "seconds": 1.7729437351226807, "valid": true}
{"method": "base", "n": 640, "seconds": 2.520814895629883, "valid": true}
{"method": "base", "n": 641, "seconds": 2.496145248413086, "valid": true}
{"method": "base", "n": 642, "seconds": 2.5593490600585938, "valid": true}
{"method": "base", "n": 643, "seconds": 2.923247814178467, "valid": true}
{"method": "base", "n": 644, "seconds": 2.7069671154022217, "valid": true}
{"method": "base", "n": 645, "seconds": 1.9757282733917236, "valid": true}
{"method": "base", "n": 646, "seconds": 2.2856392860412598, "valid": true}
{"method": "base", "n": 647, "seconds": 2.0766100883483887, "valid": true}
{"method": "base", "n": 648, "seconds": 2.066241979598999, "valid": true}
{"method": "base", "n": 649, "seconds": 1.9220309257507324, "valid": true}
{"method": "base", "n": 650, "seconds": 1.3016650676727295, "valid": true}
{"method": "base", "n": 651, "seconds": 1.7577688694000244, "valid": true}
{"method": "base", "n": 652, "seconds": 2.1861860752105713, "valid": true}
{"method": "base", "n": 653, "seconds": 2.5173990726470947, "valid": true}
{"method": "base", "n": 654, "seconds": 1.7728843688964844, "valid": true}
{"method": "base", "n": 655, "seconds": 1.6355130672454834, "valid": true}
{"method": "base", "n": 656, "seconds": 2.1799490451812744, "valid": true}
{"method": "base", "n": 657, "seconds": 2.3258461952209473, "valid": true}
{"method": "base", "n": 658, "seconds": 2.186722993850708, "valid": true}
{"method": "base", "n": 659, "seconds": 1.6480541229248047, "valid": true}
{"method": "base", "n": 660, "seconds": 1.9961342811584473, "valid": true}
{"method": "base", "n": 661, "seconds": 1.8234469890594482, "valid": true}
{"method": "base", "n": 662, "seconds": 2.0719900131225586, "valid": true}
{"method": "base", "n": 663, "seconds": 1.6815049648284912, "valid": true}
{"method": "base", "n": 664, "seconds": 1.5666658878326416, "valid": true}
{"method": "base", "n": 665, "seconds": 2.817453145980835, "valid": true}
{"method": "base", "n": 666, "seconds": 2.4637911319732666, "valid": true}
{"method": "base", "n": 667, "seconds": 1.9468088150024414, "valid": true}
{"method": "base", "n": 668, "seconds": 2.3617327213287354, "valid": true}
{"method": "base", "n": 669, "seconds": 2.2509372234344482, "valid": true}
{"method": "base", "n": 670, "seconds": 1.7037830352783203, "valid": true}
{"method": "base", "n": 671, "seconds": 1.5319828987121582, "valid": true}
{"method": "base", "n": 672, "seconds": 1.91050386428833, "valid": true}
{"method": "base", "n": 673, "seconds": 1.8617019653320312, "valid": true}
{"method": "base", "n": 674, "seconds": 2.1566309928894043, "valid": true}
{"method": "base", "n": 675, "seconds": 1.4513442516326904, "valid": true}
{"method": "base", "n": 676, "seconds": 1.7721061706542969, "valid": true}
{"method": "base", "n": 677, "seconds": 2.2563767433166504, "valid": true}
{"method": "base", "n": 678, "seconds": 2.3522160053253174, "valid": true}
{"method": "base", "n": 679, "seconds": 1.9742028713226318, "valid": true}
{"method": "base", "n": 680, "seconds": 1.9122090339660645, "valid": true}
{"method": "base", "n": 681, "seconds": 1.7302868366241455, "valid": true}
{"method": "base", "n": 682, "seconds": 1.9858810901641846, "valid": true}
{"method": "base", "n": 683, "seconds": 2.0384609699249268, "valid": true}
{"method": "base", "n": 684, "seconds": 2.0370991230010986, "valid": true}
{"method": "base", "n": 685, "seconds": 2.505661964416504, "valid": true}
{"method": "base", "n": 686, "seconds": 2.1032490730285645, "valid": true}
{"method": "base", "n": 687, "seconds": 1.9238290786743164, "valid": true}
{"method": "base", "n": 688, "seconds": 1.989335060119629, "valid": true}
{"method": "base", "n": 689, "seconds": 1.8862800598144531, "valid": true}
{"method": "base", "n": 690, "seconds": 1.6724319458007812, "valid": true}
{"method": "base", "n": 691, "seconds": 2.169700860977173, "valid": true}
{"method": "base", "n": 692, "seconds": 2.3118109703063965, "valid": true}
{"method": "base", "n": 693, "seconds": 3.14778208732605, "valid": true}
{"method": "base", "n": 694, "seconds": 2.7709789276123047, "valid": true}
{"method": "base", "n": 695, "seconds": 2.4039669036865234, "valid": true}
{"method": "base", "n": 696, "seconds": 1.6690332889556885, "valid": true}
{"method": "base", "n": 697, "seconds": 3.0632758140563965, "valid": true}
{"method": "base", "n": 698, "seconds": 2.249124050140381, "valid": true}
{"method": "base", "n": 699, "seconds": 2.079164981842041, "valid": true}
{"method": "base", "n": 700, "seconds": 1.9195070266723633, "valid": true}
{"method": "base", "n": 701, "seconds": 2.286940813064575, "valid": true}
{"method": "base", "n": 702, "seconds": 1.615530014038086, "valid": true}
{"method": "base", "n": 703, "seconds": 2.2060799598693848, "valid": true}
{"method": "base", "n": 704, "seconds": 1.820556640625, "valid": true}
{"method": "base", "n": 705, "seconds": 2.0891969203948975, "valid": true}
{"method": "base", "n": 706, "seconds": 2.034440755844116, "valid": true}
{"method": "base", "n": 707, "seconds": 2.4287631511688232, "valid": true}
{"method": "base", "n": 708, "seconds": 2.03657603263855, "valid": true}
{"method": "base", "n": 709, "seconds": 1.7322399616241455, "valid": true}
{"method": "base", "n": 710, "seconds": 1.676011085510254, "valid": true}
{"method": "base", "n": 711, "seconds": 1.9112529754638672, "valid": true}
{"method": "base", "n": 712, "seconds": 1.8703949451446533, "valid": true}
